
> backend@0.1.0 build
> next build

  ▲ Next.js 14.2.5
  - Environments: .env.local, .env

